// Bun Snapshot v1, https://goo.gl/fbAQLP

exports[`LibreLinkClient should successfully login 1`] = `
{
  "accountType": "string",
  "communicationLanguage": "string",
  "consents": {
    "realWorldEvidence": {
      "history": "array",
      "policyAccept": "number",
      "touAccept": "number",
    },
  },
  "country": "string",
  "created": {},
  "dateFormat": "string",
  "dateOfBirth": {},
  "details": {},
  "devices": {
    "a56c8d81-5eaa-11ee-9927-1639b8edd413": {
      "id": "string",
      "nickname": "string",
      "sn": "string",
      "type": "number",
      "uploadDate": "number",
    },
    "a96baf04-c7c8-11ed-8b8e-0242ac110006": {
      "id": "string",
      "nickname": "string",
      "sn": "string",
      "type": "number",
      "uploadDate": "number",
    },
    "c08364d5-f1ab-11ee-aaa5-5e24e2f78b68": {
      "id": "string",
      "nickname": "string",
      "sn": "string",
      "type": "number",
      "uploadDate": "number",
    },
  },
  "email": "string",
  "emailDay": "array",
  "firstName": "string",
  "id": "string",
  "lastLogin": {},
  "lastName": "string",
  "practices": {
    "5a68db16-0cda-49ed-9fab-68d087f2ac9c": {
      "address1": "string",
      "city": "string",
      "id": "string",
      "name": "string",
      "phoneNumber": "string",
      "practiceId": "string",
      "records": "null",
      "state": "string",
      "zip": "string",
    },
  },
  "programs": {},
  "system": {
    "messages": {
      "appReviewBanner": "number",
      "firstUsePhoenix": "number",
      "firstUsePhoenixReportsDataMerged": "number",
      "lluGettingStartedBanner": "number",
      "lluNewFeatureModal": "number",
      "lvWebPostRelease": "string",
      "streamingTourMandatory": "number",
    },
  },
  "timeFormat": "string",
  "twoFactor": {
    "primaryMethod": "string",
    "primaryValue": "string",
    "secondaryMethod": "string",
    "secondaryValue": "string",
  },
  "uiLanguage": "string",
  "uom": "string",
}
`;

exports[`LibreLinkClient should successfully fetch connections 1`] = `
{
  "0": {
    "alarmRules": {
      "c": "boolean",
      "f": {
        "d": "number",
        "th": "number",
        "thmm": "number",
        "tl": "number",
        "tlmm": "number",
      },
      "h": {
        "d": "number",
        "f": "number",
        "th": "number",
        "thmm": "number",
      },
      "l": {
        "d": "number",
        "on": "boolean",
        "th": "number",
        "thmm": "number",
        "tl": "number",
        "tlmm": "number",
      },
      "nd": {
        "i": "number",
        "l": "number",
        "r": "number",
      },
      "p": "number",
      "r": "number",
      "std": {},
    },
    "country": "string",
    "created": "number",
    "firstName": "string",
    "glucoseAlarm": "null",
    "glucoseItem": {
      "FactoryTimestamp": "string",
      "GlucoseUnits": "number",
      "MeasurementColor": "number",
      "Timestamp": "string",
      "TrendArrow": "number",
      "TrendMessage": "null",
      "Value": "number",
      "ValueInMgPerDl": "number",
      "isHigh": "boolean",
      "isLow": "boolean",
      "type": "number",
    },
    "glucoseMeasurement": {
      "FactoryTimestamp": "string",
      "GlucoseUnits": "number",
      "MeasurementColor": "number",
      "Timestamp": "string",
      "TrendArrow": "number",
      "TrendMessage": "null",
      "Value": "number",
      "ValueInMgPerDl": "number",
      "isHigh": "boolean",
      "isLow": "boolean",
      "type": "number",
    },
    "id": "string",
    "lastName": "string",
    "patientDevice": {
      "alarms": "boolean",
      "did": "string",
      "dtid": "number",
      "fixedLowAlarmValues": {
        "mgdl": "number",
        "mmoll": "number",
      },
      "fixedLowThreshold": "number",
      "hl": "number",
      "l": "boolean",
      "ll": "number",
      "u": "number",
      "v": "string",
    },
    "patientId": "string",
    "sensor": {
      "a": "number",
      "deviceId": "string",
      "lj": "boolean",
      "pt": "number",
      "s": "boolean",
      "sn": "string",
      "w": "number",
    },
    "status": "number",
    "targetHigh": "number",
    "targetLow": "number",
    "uom": "number",
  },
}
`;

exports[`LibreLinkClient should successfully read data 1`] = `
{
  "isHigh": "boolean",
  "isLow": "boolean",
  "measurementColor": "number",
  "timestamp": {},
  "value": "number",
}
`;
